python : C:\Users\fitb8\AppData\Local\Python\pythoncore-3.14-64\python.exe: can't open file 
'C:\\TixatiNodeBrowserMobile\\build_exe.py': [Errno 2] No such file or directory
At line:1 char:1
+ python build_exe.py > build_output.txt 2>&1; Get-Content build_output ...
+ ~~~~~~~~~~~~~~~~~~~~~~~~~~~~~~~~~~~~~~~~~~~
    + CategoryInfo          : NotSpecified: (C:\Users\fitb8\...le or directory:String) [], RemoteException
    + FullyQualifiedErrorId : NativeCommandError
 
